;/
;/' 2DROP ->DEFER V_UPPER

V_UPPER:
	call	0x400B02  { DOVECT } 	\ 40D668 E8 95 34 FF FF 
	.quad 0x400835  { 2DROP } 

;/
;/: [ELSE]
;/    1

xcELSEyc:
/*	mov	%rax,-0x08(%rbp)	\ 40D675 	*/.byte 0x48,0x89,0x45,0xF8
/*	mov	$0x1,%eax	\ 40D679 	*/.byte 0xB8,0x1,0x0,0x0,0x0
/*	lea	-0x08(%rbp),%rbp	\ 40D67E 	*/.byte 0x48,0x8D,0x6D,0xF8
;/    BEGIN
;/      PARSE-NAME 2DUP V_UPPER DUP
	call	0x40AADD  { PARSE-NAME } 	\ 40D682 E8 56 D4 FF FF 
/*	mov	0x00(%rbp),%rdx	\ 40D687 	*/.byte 0x48,0x8B,0x55,0x0
/*	mov	%rax,-0x08(%rbp)	\ 40D68B 	*/.byte 0x48,0x89,0x45,0xF8
/*	mov	%rdx,-0x10(%rbp)	\ 40D68F 	*/.byte 0x48,0x89,0x55,0xF0
/*	lea	-0x10(%rbp),%rbp	\ 40D693 	*/.byte 0x48,0x8D,0x6D,0xF0
	call	0x40D668  { V_UPPER } 	\ 40D697 E8 CC FF FF FF 
/*	mov	%rax,-0x08(%rbp)	\ 40D69C 	*/.byte 0x48,0x89,0x45,0xF8
	test	%rax,%rax	\ 40D6A0 48 85 C0 
/*	mov	-0x08(%rbp),%rax	\ 40D6A3 	*/.byte 0x48,0x8B,0x45,0xF8
;/      IF  
/*	jz	0x40D797  { [ELSE]+122  } 	\ 40D6A7 	*/.byte 0xF,0x84,0xEA,0x0,0x0,0x0
;/         2DUP 3 UMIN  S" [IF"  \ все слова с префиксом "[IF"
/*	mov	0x00(%rbp),%rdx	\ 40D6AD 	*/.byte 0x48,0x8B,0x55,0x0
/*	mov	%rax,-0x08(%rbp)	\ 40D6B1 	*/.byte 0x48,0x89,0x45,0xF8
/*	mov	%rdx,-0x10(%rbp)	\ 40D6B5 	*/.byte 0x48,0x89,0x55,0xF0
/*	mov	%rax,-0x18(%rbp)	\ 40D6B9 	*/.byte 0x48,0x89,0x45,0xE8
/*	mov	$0x3,%eax	\ 40D6BD 	*/.byte 0xB8,0x3,0x0,0x0,0x0
/*	cmp	-0x18(%rbp),%rax	\ 40D6C2 	*/.byte 0x48,0x3B,0x45,0xE8
/*	cmovNbe/*	cmov	-0x18(%rbp),%rax	\ 40D6C6 	*/.byte 0x48,0xF,0x47,0x45,0xE8
/*	lea	-0x10(%rbp),%rbp	\ 40D6CB 	*/.byte 0x48,0x8D,0x6D,0xF0
	call	0x4018C1  { (S") } 	\ 40D6CF E8 ED 41 FF FF 
	.byte 0x3,0x5B,0x49,0x46
;/                        COMPARE 0= IF 2DROP 1+                 ELSE 
	call	0x401C3C  { COMPARE } 	\ 40D6D8 E8 5F 45 FF FF 
/*	subq	$0x01,%rax	\ 40D6DD 	*/.byte 0x48,0x83,0xE8,0x1
/*	sbb	%rax,%rax	\ 40D6E1 	*/.byte 0x48,0x19,0xC0
	test	%rax,%rax	\ 40D6E4 48 85 C0 
/*	mov	0x00(%rbp),%rax	\ 40D6E7 	*/.byte 0x48,0x8B,0x45,0x0
/*	lea	0x08(%rbp),%rbp	\ 40D6EB 	*/.byte 0x48,0x8D,0x6D,0x8
/*	jz	0x40D706  { [ELSE]+91  } 	\ 40D6EF 	*/.byte 0xF,0x84,0x11,0x0,0x0,0x0
/*	mov	0x08(%rbp),%rax	\ 40D6F5 	*/.byte 0x48,0x8B,0x45,0x8
/*	lea	0x01(%rax),%rax	\ 40D6F9 	*/.byte 0x48,0x8D,0x40,0x1
/*	lea	0x10(%rbp),%rbp	\ 40D6FD 	*/.byte 0x48,0x8D,0x6D,0x10
/*	jmp	0x40D792  { [ELSE]+11D  } 	\ 40D701 	*/.byte 0xE9,0x8C,0x0,0x0,0x0
;/         2DUP S" [ELSE]" COMPARE 0= IF 2DROP 1- DUP  IF 1+ THEN ELSE 
/*	mov	0x00(%rbp),%rdx	\ 40D706 	*/.byte 0x48,0x8B,0x55,0x0
/*	mov	%rax,-0x08(%rbp)	\ 40D70A 	*/.byte 0x48,0x89,0x45,0xF8
/*	mov	%rdx,-0x10(%rbp)	\ 40D70E 	*/.byte 0x48,0x89,0x55,0xF0
/*	lea	-0x10(%rbp),%rbp	\ 40D712 	*/.byte 0x48,0x8D,0x6D,0xF0
	call	0x4018C1  { (S") } 	\ 40D716 E8 A6 41 FF FF 
	.byte 0x6,0x5B,0x45,0x4C,0x53
	.byte 0x45,0x5D,0xE8,0x15,0x45,0xFF,0xFF,0x48
/*	sub	$0x01,%eax	\ 40D728 	*/.byte 0x83,0xE8,0x1
/*	sbb	%rax,%rax	\ 40D72B 	*/.byte 0x48,0x19,0xC0
	test	%rax,%rax	\ 40D72E 48 85 C0 
/*	mov	0x00(%rbp),%rax	\ 40D731 	*/.byte 0x48,0x8B,0x45,0x0
/*	lea	0x08(%rbp),%rbp	\ 40D735 	*/.byte 0x48,0x8D,0x6D,0x8
/*	jz	0x40D765  { [ELSE]+F0  } 	\ 40D739 	*/.byte 0xF,0x84,0x26,0x0,0x0,0x0
/*	mov	0x08(%rbp),%rax	\ 40D73F 	*/.byte 0x48,0x8B,0x45,0x8
/*	lea	-0x01(%rax),%rax	\ 40D743 	*/.byte 0x48,0x8D,0x40,0xFF
/*	mov	%rax,0x08(%rbp)	\ 40D747 	*/.byte 0x48,0x89,0x45,0x8
	test	%rax,%rax	\ 40D74B 48 85 C0 
/*	mov	0x08(%rbp),%rax	\ 40D74E 	*/.byte 0x48,0x8B,0x45,0x8
/*	lea	0x10(%rbp),%rbp	\ 40D752 	*/.byte 0x48,0x8D,0x6D,0x10
/*	jz	0x40D760  { [ELSE]+EB  } 	\ 40D756 	*/.byte 0xF,0x84,0x4,0x0,0x0,0x0
/*	lea	0x01(%rax),%rax	\ 40D75C 	*/.byte 0x48,0x8D,0x40,0x1
/*	jmp	0x40D792  { [ELSE]+11D  } 	\ 40D760 	*/.byte 0xE9,0x2D,0x0,0x0,0x0
;/              S" [THEN]" COMPARE 0= IF       1-                 THEN
	call	0x4018C1  { (S") } 	\ 40D765 E8 57 41 FF FF 
	.byte 0x6,0x5B,0x54,0x48,0x45,0x4E
	.byte 0x5D,0xE8,0xC6,0x44,0xFF,0xFF,0x48,0x83
	call	0xFFFFFFFFC05A1F7E  { [THEN]+FFFFFFFFC0194793  } 	\ 40D778 E8 1 48 19 C0 
	test	%rax,%rax	\ 40D77D 48 85 C0 
/*	mov	0x00(%rbp),%rax	\ 40D780 	*/.byte 0x48,0x8B,0x45,0x0
/*	lea	0x08(%rbp),%rbp	\ 40D784 	*/.byte 0x48,0x8D,0x6D,0x8
/*	jz	0x40D792  { [ELSE]+11D  } 	\ 40D788 	*/.byte 0xF,0x84,0x4,0x0,0x0,0x0
/*	lea	-0x01(%rax),%rax	\ 40D78E 	*/.byte 0x48,0x8D,0x40,0xFF
;/                                    THEN  THEN   
;/      ELSE 2DROP REFILL  AND \   SOURCE TYPE
/*	jmp	0x40D7AC  { [ELSE]+137  } 	\ 40D792 	*/.byte 0xE9,0x15,0x0,0x0,0x0
/*	mov	0x08(%rbp),%rax	\ 40D797 	*/.byte 0x48,0x8B,0x45,0x8
/*	lea	0x10(%rbp),%rbp	\ 40D79B 	*/.byte 0x48,0x8D,0x6D,0x10
	call	0x40B6D3  { REFILL } 	\ 40D79F E8 2F DF FF FF 
/*	and	0x00(%rbp),%rax	\ 40D7A4 	*/.byte 0x48,0x23,0x45,0x0
/*	lea	0x08(%rbp),%rbp	\ 40D7A8 	*/.byte 0x48,0x8D,0x6D,0x8
;/      THEN DUP 0=
/*	mov	%rax,-0x08(%rbp)	\ 40D7AC 	*/.byte 0x48,0x89,0x45,0xF8
/*	subq	$0x01,%rax	\ 40D7B0 	*/.byte 0x48,0x83,0xE8,0x1
/*	sbb	%rax,%rax	\ 40D7B4 	*/.byte 0x48,0x19,0xC0
	test	%rax,%rax	\ 40D7B7 48 85 C0 
/*	mov	-0x08(%rbp),%rax	\ 40D7BA 	*/.byte 0x48,0x8B,0x45,0xF8
;/    UNTIL  DROP ;  IMMEDIATE
/*	jz	0x40D682  { [ELSE]+D  } 	\ 40D7BE 	*/.byte 0xF,0x84,0xBE,0xFE,0xFF,0xFF
/*	mov	0x00(%rbp),%rax	\ 40D7C4 	*/.byte 0x48,0x8B,0x45,0x0
/*	lea	0x08(%rbp),%rbp	\ 40D7C8 	*/.byte 0x48,0x8D,0x6D,0x8
	ret		\ 40D7CC C3 
;/
;/: [IF] 0= IF [COMPILE] [ELSE] THEN ;  IMMEDIATE


xcIFyc:
/*	subq	$0x01,%rax	\ 40D7CD 	*/.byte 0x48,0x83,0xE8,0x1
/*	sbb	%rax,%rax	\ 40D7D1 	*/.byte 0x48,0x19,0xC0
	test	%rax,%rax	\ 40D7D4 48 85 C0 
/*	mov	0x00(%rbp),%rax	\ 40D7D7 	*/.byte 0x48,0x8B,0x45,0x0
/*	lea	0x08(%rbp),%rbp	\ 40D7DB 	*/.byte 0x48,0x8D,0x6D,0x8
/*	jz	0x40D7EA  { [IF]+1D  } 	\ 40D7DF 	*/.byte 0xF,0x84,0x5,0x0,0x0,0x0
	call	0x40D675  { [ELSE] } 	\ 40D7E5 E8 8B FE FF FF 
	ret		\ 40D7EA C3 
;/
;/: [THEN] ;  IMMEDIATE


xcTHENyc:
	ret		\ 40D7EB C3 
;/
