;/
;/: TITLE CR

TITLE:
	call	0x4017B0  { CR } 	\ 40DBF5 E8 B6 3B FF FF 
;/  ." ANS FORTH 94" CR
	call	0x4018C1  { (S") } 	\ 40DBFA E8 C2 3C FF FF 
	.byte 0xC
	.byte 0x41,0x4E,0x53,0x20,0x46,0x4F,0x52,0x54
	.byte 0x48,0x20,0x39,0x34,0xE8,0x6D,0x3B,0xFF
/*	jmpf	*%rax	\ 40DC10 	*/.byte 0xFF,0xE8
	.byte	0x9A	\ 40DC12 9A 
/*	cmp	%edi,%edi	\ 40DC13 	*/.byte 0x3B,0xFF
/*	jmpf	*%rax	\ 40DC15 	*/.byte 0xFF,0xE8
;/  ." A.Cherezov  http://www.forth.org.ru/" CR
	cmpsb	%es:(%rdi),%ds:(%rsi)		\ 40DC17 A6 
/*	cmp	$-0x01,%al	\ 40DC18 	*/.byte 0x3C,0xFF
/*	jmp	*(%rcx,%rax,2)	\ 40DC1A 	*/.byte 0xFF,0x24,0x41
/*	sub	$0x43,%al	\ 40DC1D 	*/.byte 0x2E,0x43
	push	$0x7A657265	\ 40DC1F 68 65 72 65 7A 
	outsl	%ds:(%rsi),(%dx)		\ 40DC24 6F 
	jbe	0x40DC47  { TITLE+52  } 	\ 40DC25 76 20 
/*	and	%ch,0x74(%rax)	\ 40DC27 	*/.byte 0x20,0x68,0x74
	jz	0x40DC9C  { COMMANDLINE+1B  } 	\ 40DC2A 74 70 
/*	cmp	(%rdi),%ch	\ 40DC2C 	*/.byte 0x3A,0x2F
/*	sub	$0x2E777777,%eax	\ 40DC2E 	*/.byte 0x2F,0x77,0x77,0x77,0x2E
	outsl	%ds:(%rsi),(%dx)		\ 40DC33 66 6F 
	jb	0x40DCAB  { COMMANDLINE+2A  } 	\ 40DC35 72 74 
	push	$0x67726F2E	\ 40DC37 68 2E 6F 72 67 
/*	sub	$0x72,%al	\ 40DC3C 	*/.byte 0x2E,0x72
	jNz	0x40DC6F  { TITLE+7A  } 	\ 40DC3E 75 2F 
	call	0x40177E  { TYPE } 	\ 40DC40 E8 39 3B FF FF 
	call	0x4017B0  { CR } 	\ 40DC45 E8 66 3B FF FF 
;/  ." M.Maksimov  https://github.com/mak4444"  CR
	call	0x4018C1  { (S") } 	\ 40DC4A E8 72 3C FF FF 
	.byte 0x26
	.byte 0x4D,0x2E,0x4D,0x61,0x6B,0x73,0x69,0x6D
	.byte 0x6F,0x76,0x20,0x20,0x68,0x74,0x74,0x70
	.byte 0x73,0x3A,0x2F,0x2F,0x67,0x69,0x74,0x68
	.byte 0x75,0x62,0x2E,0x63,0x6F,0x6D,0x2F,0x6D
	.byte 0x61,0x6B,0x34,0x34,0x34,0x34,0xE8,0x3
/*	cmp	%edi,%edi	\ 40DC78 	*/.byte 0x3B,0xFF
/*	jmpf	*%rax	\ 40DC7A 	*/.byte 0xFF,0xE8
/*	xor	%bh,(%rbx)	\ 40DC7C 	*/.byte 0x30,0x3B
/*	g4??	%edi	\ 40DC7E 	*/.byte 0xFF,0xFF
;/;
	ret		\ 40DC80 C3 
;/
;/
;/: COMMANDLINE ( -- ADDR LEN )
;/  COMMAND_LINE


COMMANDLINE:
	call	0x400C95  { COMMAND_LINE } 	\ 40DC81 E8 F 30 FF FF 
;/
;/  BEGIN 1+ DUP C@ BL U<= UNTIL
/*	lea	0x01(%rax),%rax	\ 40DC86 	*/.byte 0x48,0x8D,0x40,0x1
/*	mov	%rax,-0x08(%rbp)	\ 40DC8A 	*/.byte 0x48,0x89,0x45,0xF8
/*	movzb	(%rax),%eax	\ 40DC8E 	*/.byte 0xF,0xB6,0x0
/*	mov	%rax,-0x10(%rbp)	\ 40DC91 	*/.byte 0x48,0x89,0x45,0xF0
/*	mov	$0x20,%eax	\ 40DC95 	*/.byte 0xB8,0x20,0x0,0x0,0x0
/*	cmp	-0x10(%rbp),%rax	\ 40DC9A 	*/.byte 0x48,0x3B,0x45,0xF0
/*	sbb	%rax,%rax	\ 40DC9E 	*/.byte 0x48,0x19,0xC0
/*	subq	$0x01,%rax	\ 40DCA1 	*/.byte 0x48,0x83,0xE8,0x1
/*	sbb	%rax,%rax	\ 40DCA5 	*/.byte 0x48,0x19,0xC0
	test	%rax,%rax	\ 40DCA8 48 85 C0 
/*	mov	-0x08(%rbp),%rax	\ 40DCAB 	*/.byte 0x48,0x8B,0x45,0xF8
/*	jz	0x40DC86  { COMMANDLINE+5  } 	\ 40DCAF 	*/.byte 0xF,0x84,0xD1,0xFF,0xFF,0xFF
;/   ZCOUNT \ ASCIIZ>
	call	0x4020D8  { ZCOUNT } 	\ 40DCB5 E8 1E 44 FF FF 
;/;
	ret		\ 40DCBA C3 
;/
;/
;/: FSTART
;/
;/  SP@ SP0 !


FSTART:
	call	0x400465  { SP@ } 	\ 40DCBB E8 A5 27 FF FF 
/*	mov	%rax,0x401628  { ORIGVIEWLINK+12  } (%rip)	\ 40DCC0 	*/.byte 0x48,0x89,0x5,0x61,0x39,0xFF,0xFF
/*	mov	0x00(%rbp),%rax	\ 40DCC7 	*/.byte 0x48,0x8B,0x45,0x0
/*	lea	0x08(%rbp),%rbp	\ 40DCCB 	*/.byte 0x48,0x8D,0x6D,0x8
;/  RP@ RP0 !
	call	0x4003EE  { RP@ } 	\ 40DCCF E8 1A 27 FF FF 
/*	mov	%rax,0x40D2F8  { VOCS+4A  } (%rip)	\ 40DCD4 	*/.byte 0x48,0x89,0x5,0x1D,0xF6,0xFF,0xFF
/*	lea	0x40DAF6  { INCLUDED } (%rip),%rax	\ 40DCDB 	*/.byte 0x48,0x8D,0x5,0x14,0xFE,0xFF,0xFF
/*	mov	%rax,0x40A2BC  { ^INCLUDED+5  } (%rip)	\ 40DCE2 	*/.byte 0x48,0x89,0x5,0xD3,0xC5,0xFF,0xFF
;/
;/
;/\  ORIGVIEWLINK TO VIEW_LINK
;/
;/
;/  [']  INCLUDED TO  ^INCLUDED
/*	movq	$0x400,0x402118  { /SysPad+5  } (%rip)	\ 40DCE9 	*/.byte 0x48,0xC7,0x5,0x24,0x44,0xFF,0xFF,0x0,0x4,0x0,0x0
;/
;/$400 TO /SYSPAD
/*	mov	0x00(%rbp),%rax	\ 40DCF4 	*/.byte 0x48,0x8B,0x45,0x0
/*	mov	0x401650  { ORIGVIEWLINK+3A  } (%rip),%rax	\ 40DCF8 	*/.byte 0x48,0x8B,0x5,0x51,0x39,0xFF,0xFF
;/HERE DUP TO SYSPADBUFF TO SYSPAD
/*	mov	%rax,0x402375  { :-SET+5  } (%rip)	\ 40DCFF 	*/.byte 0x48,0x89,0x5,0x6F,0x46,0xFF,0xFF
/*	mov	%rax,0x402125  { SysPadBuff+5  } (%rip)	\ 40DD06 	*/.byte 0x48,0x89,0x5,0x18,0x44,0xFF,0xFF
/*	mov	%rax,0x402132  { SysPAD+5  } (%rip)	\ 40DD0D 	*/.byte 0x48,0x89,0x5,0x1E,0x44,0xFF,0xFF
/*	mov	0x402118  { /SysPad+5  } (%rip),%rax	\ 40DD14 	*/.byte 0x48,0x8B,0x5,0xFD,0x43,0xFF,0xFF
/*	add	%rax,0x401650  { ORIGVIEWLINK+3A  } (%rip)	\ 40DD1B 	*/.byte 0x48,0x1,0x5,0x2E,0x39,0xFF,0xFF
;//SYSPAD ALLOT
/*	mov	0x00(%rbp),%rax	\ 40DD22 	*/.byte 0x48,0x8B,0x45,0x0
/*	mov	0x401650  { ORIGVIEWLINK+3A  } (%rip),%rax	\ 40DD26 	*/.byte 0x48,0x8B,0x5,0x23,0x39,0xFF,0xFF
;/HERE TO SYSPADEDGE
/*	mov	%rax,0x402375  { :-SET+5  } (%rip)	\ 40DD2D 	*/.byte 0x48,0x89,0x5,0x41,0x46,0xFF,0xFF
/*	mov	%rax,0x40213F  { SysPadEdge+5  } (%rip)	\ 40DD34 	*/.byte 0x48,0x89,0x5,0x4,0x44,0xFF,0xFF
/*	mov	0x00(%rbp),%rax	\ 40DD3B 	*/.byte 0x48,0x8B,0x45,0x0
/*	lea	0x08(%rbp),%rbp	\ 40DD3F 	*/.byte 0x48,0x8D,0x6D,0x8
;/
;/
;/ COMMANDLINE ?DUP
	call	0x40DC81  { COMMANDLINE } 	\ 40DD43 E8 39 FF FF FF 
	call	0x4007EC  { ?DUP } 	\ 40DD48 E8 9F 2A FF FF 
;/   IF ['] EVALUATE CATCH    ?DUP
	test	%rax,%rax	\ 40DD4D 48 85 C0 
/*	mov	0x00(%rbp),%rax	\ 40DD50 	*/.byte 0x48,0x8B,0x45,0x0
/*	lea	0x08(%rbp),%rbp	\ 40DD54 	*/.byte 0x48,0x8D,0x6D,0x8
/*	jz	0x40DD92  { FSTART+D7  } 	\ 40DD58 	*/.byte 0xF,0x84,0x34,0x0,0x0,0x0
/*	mov	%rax,-0x08(%rbp)	\ 40DD5E 	*/.byte 0x48,0x89,0x45,0xF8
/*	lea	0x40B72B  { EVALUATE } (%rip),%rax	\ 40DD62 	*/.byte 0x48,0x8D,0x5,0xC2,0xD9,0xFF,0xFF
/*	lea	-0x08(%rbp),%rbp	\ 40DD69 	*/.byte 0x48,0x8D,0x6D,0xF8
	call	0x401ED7  { CATCH } 	\ 40DD6D E8 65 41 FF FF 
	call	0x4007EC  { ?DUP } 	\ 40DD72 E8 75 2A FF FF 
;/    IF 	ERROR_DO \ ['] ERROR CATCH
	test	%rax,%rax	\ 40DD77 48 85 C0 
/*	mov	0x00(%rbp),%rax	\ 40DD7A 	*/.byte 0x48,0x8B,0x45,0x0
/*	lea	0x08(%rbp),%rbp	\ 40DD7E 	*/.byte 0x48,0x8D,0x6D,0x8
/*	jz	0x40DD8D  { FSTART+D2  } 	\ 40DD82 	*/.byte 0xF,0x84,0x5,0x0,0x0,0x0
	call	0x40BF8B  { ERROR_DO } 	\ 40DD88 E8 FE E1 FF FF 
;/      \ IF 4 HALT THEN
;/    THEN
;/   ELSE DROP  TITLE
/*	jmp	0x40DD9F  { FSTART+E4  } 	\ 40DD8D 	*/.byte 0xE9,0xD,0x0,0x0,0x0
/*	mov	0x00(%rbp),%rax	\ 40DD92 	*/.byte 0x48,0x8B,0x45,0x0
/*	lea	0x08(%rbp),%rbp	\ 40DD96 	*/.byte 0x48,0x8D,0x6D,0x8
	call	0x40DBF5  { TITLE } 	\ 40DD9A E8 56 FE FF FF 
;/   THEN
;/
;/  MAIN_CYCLE
	call	0x40BF98  { MAIN_CYCLE } 	\ 40DD9F E8 F4 E1 FF FF 
;/;
	ret		\ 40DDA4 C3 
;/
;/: WORDS0
;/  CONTEXT @ @


WORDS0:
/*	mov	%rax,-0x08(%rbp)	\ 40DDA5 	*/.byte 0x48,0x89,0x45,0xF8
/*	mov	0x401586  { SLEEP+4B9  } (%rip),%rax	\ 40DDA9 	*/.byte 0x48,0x8B,0x5,0xD6,0x37,0xFF,0xFF
/*	mov	(%rax),%rax	\ 40DDB0 	*/.byte 0x48,0x8B,0x0
/*	lea	-0x08(%rbp),%rbp	\ 40DDB3 	*/.byte 0x48,0x8D,0x6D,0xF8
;/ BEGIN DUP
/*	mov	%rax,-0x08(%rbp)	\ 40DDB7 	*/.byte 0x48,0x89,0x45,0xF8
	test	%rax,%rax	\ 40DDBB 48 85 C0 
/*	mov	-0x08(%rbp),%rax	\ 40DDBE 	*/.byte 0x48,0x8B,0x45,0xF8
;/ WHILE DUP ID. SPACE CDR
/*	jz	0x40DDE3  { WORDS0+3E  } 	\ 40DDC2 	*/.byte 0xF,0x84,0x1B,0x0,0x0,0x0
/*	mov	%rax,-0x08(%rbp)	\ 40DDC8 	*/.byte 0x48,0x89,0x45,0xF8
/*	lea	-0x08(%rbp),%rbp	\ 40DDCC 	*/.byte 0x48,0x8D,0x6D,0xF8
	call	0x40D0C1  { ID. } 	\ 40DDD0 E8 EC F2 FF FF 
	call	0x401969  { SPACE } 	\ 40DDD5 E8 8F 3B FF FF 
/*	mov	-0x08(%rax),%rax	\ 40DDDA 	*/.byte 0x48,0x8B,0x40,0xF8
;/ REPEAT DROP ;
/*	jmp	0x40DDB7  { WORDS0+12  } 	\ 40DDDE 	*/.byte 0xE9,0xD4,0xFF,0xFF,0xFF
/*	mov	0x00(%rbp),%rax	\ 40DDE3 	*/.byte 0x48,0x8B,0x45,0x0
/*	lea	0x08(%rbp),%rbp	\ 40DDE7 	*/.byte 0x48,0x8D,0x6D,0x8
	ret		\ 40DDEB C3 
;/
;/VARIABLE loaded_image

	DQ 0x0
	DB 0x0,0x0,0x0,0x0
;/VARIABLE IOVolume
	DQ 0x0
;/VARIABLE &VOLUME
	DQ 0x0
;/
;/: FMAIN \  DP !
;/    ." Forth run" CR

FMAIN:
	call	0x4018C1  { (S") } 	\ 40DE08 E8 B4 3A FF FF 
	.byte 0x9,0x46,0x6F
	.byte 0x72,0x74,0x68,0x20,0x72,0x75,0x6E,0xE8
	.byte	0x62	\ 40DE18 62 
/*	cmp	%edi,%edi	\ 40DE19 	*/.byte 0x39,0xFF
/*	jmpf	*%rax	\ 40DE1B 	*/.byte 0xFF,0xE8
	.byte	0x8F	\ 40DE1D 8F 
/*	cmp	%edi,%edi	\ 40DE1E 	*/.byte 0x39,0xFF
/*	jmpf	*%rax	\ 40DE20 	*/.byte 0xFF,0xE8
;/FSTART
/*	xchg	%ebp,%eax	\ 40DE22 	*/.byte 0x95
/*	g4??	%bh	\ 40DE23 	*/.byte 0xFE,0xFF
/*	inc	%ebx	\ 40DE25 	*/.byte 0xFF,0xC3
;/;
;/
;/
;/\EOF
;/77 CONSTANT SSS SSS .
;/: XXX 666 . ; XXX
;/
