;/ HERE
;/ NFUNK> MessageBoxW
	DQ 0x67617373654D0000
	DB 0x65,0x42,0x6F,0x78,0x57,0x0
;/ NFUNK> SetFocus
	DQ 0x636F467465530000
	DB 0x75,0x73
	DB 0x0
;/ HERE DUP TIMAGE-BASE -	TO intbl 2DUP	NFUNKS
	DQ 0x170,0x17E,0x0
;/ HERE TIMAGE-BASE -	TO iatbl	NFUNKS
	DQ 0x170,0x17E,0x0
;/ 
;/ HERE TIMAGE-BASE - TO dll_name
;/
;/
;/ ZSTR>, USER32.dll
	DQ 0x642E323352455355
	DB 0x6C,0x6C,0x0
;/
;/ HERE \ Symbol
;/ NFUNK> CloseHandle
	DQ 0x4865736F6C430000
	DB 0x61,0x6E,0x64,0x6C
	DB 0x65,0x0
;/ NFUNK> CreateFileA
	DQ 0x6574616572430000
	DB 0x46,0x69,0x6C,0x65,0x41,0x0
;/ NFUNK> CreateThread
	DQ 0x6574616572430000
	DB 0x54,0x68,0x72,0x65,0x61,0x64,0x0
;/ NFUNK> ExitProcess
	DQ 0x7250746978450000
	DB 0x6F
	DB 0x63,0x65,0x73,0x73,0x0
;/ NFUNK> GetCommandLineA
	DQ 0x6D6F437465470000,0x656E694C646E616D
	DB 0x41,0x0
;/ NFUNK> GetProcAddress
	DQ 0x6F72507465470000,0x7373657264644163
	DB 0x0
;/ NFUNK> GetStdHandle
	DQ 0x6474537465470000
	DB 0x48,0x61,0x6E,0x64,0x6C,0x65,0x0
;/ NFUNK> LoadLibraryA
	DQ 0x694C64616F4C0000
	DB 0x62
	DB 0x72,0x61,0x72,0x79,0x41,0x0
;/ NFUNK> ReadConsoleInputA
	DQ 0x6F43646165520000,0x706E49656C6F736E
	DB 0x75,0x74
	DB 0x41,0x0
;/ NFUNK> ReadFile   
	DQ 0x6946646165520000
	DB 0x6C,0x65,0x0
;/ NFUNK> SetFilePointer
	DQ 0x6C69467465530000,0x7265746E696F5065
	DB 0x0
;/ NFUNK> Sleep      
	DQ 0x7065656C530000
;/ NFUNK> VirtualAlloc
	DQ 0x6175747269560000
	DB 0x6C,0x41
	DB 0x6C,0x6C,0x6F,0x63,0x0
;/ NFUNK> VirtualFree
	DQ 0x6175747269560000
	DB 0x6C,0x46,0x72
	DB 0x65,0x65,0x0
;/ NFUNK> WriteFile  
	DQ 0x4665746972570000
	DB 0x69,0x6C,0x65,0x0
;/ HERE DUP TIMAGE-BASE -	TO intbl_k 2DUP	NFUNKS
	DQ 0x1C4,0x1D2,0x1E0,0x1EF,0x1FD,0x20F,0x220,0x22F,0x23E,0x252,0x25D,0x26E,0x276,0x285,0x293,0x0
;/   HERE TIMAGE-BASE -	TO iatbl_k \ 	NFUNKS
;/
;/DROP \ Symbol 
;/HERE TO 'CloseHandle		,NEXTFUNK
	DQ 0x1C4
;/HERE TO 'CreateFileA            ,NEXTFUNK
	DQ 0x1D2
;/HERE TO 'CreateThread           ,NEXTFUNK
	DQ 0x1E0
;/HERE TO 'ExitProcess            ,NEXTFUNK
	DQ 0x1EF
;/HERE TO 'GetCommandLineA        ,NEXTFUNK
	DQ 0x1FD
;/HERE TO 'GetProcAddress         ,NEXTFUNK
	DQ 0x20F
;/HERE TO 'GetStdHandle           ,NEXTFUNK
	DQ 0x220
;/HERE TO 'LoadLibraryA           ,NEXTFUNK
	DQ 0x22F
;/HERE TO 'ReadConsoleInputA      ,NEXTFUNK
	DQ 0x23E
;/HERE TO 'ReadFile               ,NEXTFUNK
	DQ 0x252
;/HERE TO 'SetFilePointer         ,NEXTFUNK
	DQ 0x25D
;/HERE TO 'Sleep                  ,NEXTFUNK
	DQ 0x26E
;/HERE TO 'VirtualAlloc           ,NEXTFUNK
	DQ 0x276
;/HERE TO 'VirtualFree            ,NEXTFUNK
	DQ 0x285
;/HERE TO 'WriteFile              ,NEXTFUNK
	DQ 0x293
;/DROP 0 ,
	DQ 0x0
;/
;/ HERE TIMAGE-BASE - TO dll_name_k
;/ ZSTR>, KERNEL32.dll
	DQ 0x32334C454E52454B
	DB 0x2E
	DB 0x64,0x6C,0x6C,0x0
;/ 
;/HERE DUP TO itbl TIMAGE-BASE - &itbl L!
;/	intbl_k ,	\ OriginalFirstThunk
	DQ 0x29F
;/	0 L,
	DB 0x0,0x0,0x0,0x0
;/    	dll_name_k L,	\ ForwarderChain
	DB 0x9F,0x3,0x0,0x0
;/    	iatbl_k L,	\ Name
	DB 0x1F,0x3,0x0,0x0
;/
;/	intbl ,		\ OriginalFirstThunk
	DQ 0x189
;/	0 L,
	DB 0x0,0x0,0x0,0x0
;/    	dll_name L,	\ ForwarderChain
	DB 0xB9,0x1,0x0,0x0
;/    	iatbl L,	\ Name
	DB 0xA1,0x1,0x0,0x0
;/	0 ,
	DQ 0x0
;/	0 L, 0 L, 0 L,
	DQ 0x0
	DB 0x0,0x0,0x0,0x0
;/
;/HERE itbl - &itbl_size L!
;/
;/
