;/
;/HERE  TIMAGE-BASE - &ENTRYCODE L!
;/GASM_BIG
;/	$48 c, $83 c, $F0E4 W,              \   and rsp, 0xFFFF_FFFF_FFFF_FFF0

/*	andq	$-0x10,%rsp	\ 40DE27 	*/.byte 0x48,0x83,0xE4,0xF0
;/	$48 c, $89 c, $E5 c,                  \   mov rbp, rsp
/*	mov	%rsp,%rbp	\ 40DE2B 	*/.byte 0x48,0x89,0xE5
;/	
;/        sub    $0x20,%rsp
/*	subq	$0x20,%rsp	\ 40DE2E 	*/.byte 0x48,0x83,0xEC,0x20
;/        mov    $-0xB,%rcx
/*	movq	$-0xB,%rcx	\ 40DE32 	*/.byte 0x48,0xC7,0xC1,0xF5,0xFF,0xFF,0xFF
;/        call   'GetStdHandle  (%rip)
/*	call	*0x40034F  { &VOLUME+2B73DE  } (%rip)	\ 40DE39 	*/.byte 0xFF,0x15,0x10,0x25,0xFF,0xFF
;/        add    $0x20,%rsp
/*	addq	$0x20,%rsp	\ 40DE3F 	*/.byte 0x48,0x83,0xC4,0x20
;/        mov     %rax,  ' H-STDOUT >BODY  (%rip)
/*	mov	%rax,0x400B1C  { H-STDOUT+5  } (%rip)	\ 40DE43 	*/.byte 0x48,0x89,0x5,0xD2,0x2C,0xFF,0xFF
;/        sub    $0x20,%rsp
/*	subq	$0x20,%rsp	\ 40DE4A 	*/.byte 0x48,0x83,0xEC,0x20
;/        mov    $-0xC,%rcx
/*	movq	$-0xC,%rcx	\ 40DE4E 	*/.byte 0x48,0xC7,0xC1,0xF4,0xFF,0xFF,0xFF
;/        call   'GetStdHandle  (%rip)
/*	call	*0x40034F  { &VOLUME+2B73DE  } (%rip)	\ 40DE55 	*/.byte 0xFF,0x15,0xF4,0x24,0xFF,0xFF
;/        add    $0x20,%rsp
/*	addq	$0x20,%rsp	\ 40DE5B 	*/.byte 0x48,0x83,0xC4,0x20
;/        mov     %rax,  ' H-STDERR >BODY   (%rip)
/*	mov	%rax,0x400B29  { H-STDERR+5  } (%rip)	\ 40DE5F 	*/.byte 0x48,0x89,0x5,0xC3,0x2C,0xFF,0xFF
;/        sub    $0x20,%rsp
/*	subq	$0x20,%rsp	\ 40DE66 	*/.byte 0x48,0x83,0xEC,0x20
;/        mov    $-0xA,%rcx
/*	movq	$-0xA,%rcx	\ 40DE6A 	*/.byte 0x48,0xC7,0xC1,0xF6,0xFF,0xFF,0xFF
;/        call   'GetStdHandle  (%rip)
/*	call	*0x40034F  { &VOLUME+2B73DE  } (%rip)	\ 40DE71 	*/.byte 0xFF,0x15,0xD8,0x24,0xFF,0xFF
;/        add    $0x20,%rsp
/*	addq	$0x20,%rsp	\ 40DE77 	*/.byte 0x48,0x83,0xC4,0x20
;/        mov     %rax,  ' H-STDIN >BODY   (%rip)
/*	mov	%rax,0x400B0F  { H-STDIN+5  } (%rip)	\ 40DE7B 	*/.byte 0x48,0x89,0x5,0x8D,0x2C,0xFF,0xFF
;/	mov    $ HERE FREE_size + -0xF ALSO FORTH AND [P] ,%rbp \ stack
/*	movq	$0x140DE80,%rbp	\ 40DE82 	*/.byte 0x48,0xC7,0xC5,0x80,0xDE,0x40,0x1
;/
;/	JMP  ' FMAIN
/*	jmp	0x40DE08  { FMAIN } 	\ 40DE89 	*/.byte 0xE9,0x7A,0xFF,0xFF,0xFF
;/
;/END-CODE
