;/
;/\ TALIGN
;/
;/VARIABLE STATE
	DQ 0x0
	DB 0x0,0x0,0x0
;/
;/VARIABLE HANDLER
	DQ 0x0
;/
;/VARIABLE LAST ( --- addr)
	DQ 0x0
;/\ This variable holds a pointer to the last definition created.
;/
;/$100 CONSTANT TC/L
;/\ DP><DDP
;/CREATE ATIB TC/L ALLOT
	DQ 0x0,0x0,0x0,0x0,0x0,0x0
	DQ  0x0,0x0,0x0,0x0,0x0,0x0,0x0,0x0
	DQ  0x0,0x0,0x0,0x0,0x0,0x0,0x0,0x0
	DQ  0x0,0x0,0x0,0x0,0x0,0x0,0x0,0x0
	DQ  0x0,0x0
;/CREATE ERRTIB TC/L ALLOT
	DQ 0x0,0x0,0x0,0x0,0x0,0x0
	DQ  0x0,0x0,0x0,0x0,0x0,0x0,0x0,0x0
	DQ  0x0,0x0,0x0,0x0,0x0,0x0,0x0,0x0
	DQ  0x0,0x0,0x0,0x0,0x0,0x0,0x0,0x0
	DQ  0x0,0x0
;/VARIABLE >IN
	DQ 0x0
;/VARIABLE >IN_WORD
	DQ 0x0
;/VARIABLE ER>IN
	DQ 0x0
;/VARIABLE ERR&S-ID
	DQ 0x0
;/VARIABLE SAVEERR?
	DQ 0x0
;/VARIABLE ERR-LINE
	DQ 0x0
;/\ DP><DDP
;/mcr .( ERR-LINE=) here mh.
;/VARIABLE #ATIB 0 ,
	DQ 0x0,0x0
;/
;/
;/\ DP><DDP
;/VARIABLE  HLD
	DQ 0x0
;/$100 ALLOT
	DQ 0x0,0x0,0x0,0x0,0x0
	DQ  0x0,0x0,0x0,0x0,0x0,0x0,0x0,0x0
	DQ  0x0,0x0,0x0,0x0,0x0,0x0,0x0,0x0
	DQ  0x0,0x0,0x0,0x0,0x0,0x0,0x0,0x0
	DQ  0x0,0x0,0x0
;/CREATE PAD $100 ALLOT
	DQ 0x0,0x0,0x0,0x0,0x0
	DQ  0x0,0x0,0x0,0x0,0x0,0x0,0x0,0x0
	DQ  0x0,0x0,0x0,0x0,0x0,0x0,0x0,0x0
	DQ  0x0,0x0,0x0,0x0,0x0,0x0,0x0,0x0
	DQ  0x0,0x0,0x0
;/\ DP><DDP
;/
;/
;/
;/CREATE BASE $A , ( -- a-addr ) \ 94
	DQ 0xA
;/CREATE FORTH-WORDLIST 0 ,
	DQ 0x0
;/  HERE  0 ,  HERE 8 + ,
	DQ 0x0,0x1578+fimg
;/ S" FORTH" S",
	DB 0x5,0x46,0x4F,0x52,0x54,0x48
;/CREATE VOC-LIST ,
	DQ 0x1568+fimg
;/$80 CONSTANT CONTEXT_SIZE
;/CREATE CONTEXT FORTH-WORDLIST , $80 ALLOT
	DQ 0x1560+fimg,0x0,0x0,0x0,0x0,0x0,0x0,0x0,0x0,0x0,0x0,0x0,0x0,0x0,0x0,0x0,0x0
;/CREATE CURRENT FORTH-WORDLIST ,
	DQ 0x1560+fimg
;/
;/0 VALUE ORIGVIEWLINK

ORIGVIEWLINK:
	call	0x400AF4  { DOVALUE } 	\ 401616 E8 D9 F4 FF FF 

	DQ 0x0
