;/
;/
;/ HERE TO EXE-HEADER
;/ 
;/ $0000000000005A4D ,
	DQ 0x5A4D
;/ 0 , 0 , 0 , 0 , 0 , 0 ,
	DQ 0x0,0x0,0x0,0x0,0x0,0x0
;/ $4000000000 ,
	DQ 0x4000000000
;/
;/   1 TO YDP_FL
;/
;/\ https://github.com/abhisek/reverse-engineering-and-malware-analysis/blob/master/gitbook/chapters/pe/pe_file_format.md
;/\ https://github.com/ayaka14732/TinyPE-on-Win10
;/ 'P' C, 'E' C, 0 W,
	DB 0x50,0x45,0x0,0x0
;/ $8664		W,	\ Machine
	DB 0x64,0x86
;/ 1		W,	\ NumberOfSections
	DB 0x1,0x0
;/ 0		L,	\ [UNUSED] TimeDateStamp
	DB 0x0,0x0,0x0,0x0
;/ 0		L,	\ PointerToSymbolTable
	DB 0x0,0x0,0x0,0x0
;/ 0		L,	\ NumberOfSymbols
	DB 0x0,0x0,0x0,0x0
;/ HERE to &opt_hdr_size 
;/\ here to &opt_hdr_size
;/ 0	W,	\ 54 SizeOfOptionalHeader
	DB 0xF0,0x0
;/
;/ $2F		W,	\ Characteristics
	DB 0x2F,0x0
;/\ Optional Header, COFF Standard Fields
;/ HERE TIMAGE-BASE - TO opt_hdr
;/ $020b		W, 	\ Magic (PE32+)
	DB 0xB,0x2
;/ $e		C,	\ MajorLinkerVersion
	DB 0xE
;/ $16		C,	\ MinorLinkerVersion
	DB 0x16
;/ HERE TO &CODESIZE
;/ code_size	L,	\ SizeOfCode
	DB 0x8F,0x3,0x0,0x0
;/ 0		L,	\ 60 SizeOfInitializedData
	DB 0x0,0x0,0x0,0x0
;/ 0		L,  	\ SizeOfUninitializedData
	DB 0x0,0x0,0x0,0x0
;/ HERE TO &ENTRYCODE
;/ $53F		L,	\ 68 AddressOfEntryPoint
	DB 0x3F,0x5,0x0,0x0
;/ 0		L,	\ BaseOfCode
	DB 0x0,0x0,0x0,0x0
;/\ Optional Header, NT Additional Fields
;/ TIMAGE-BASE 	,	\ ImageBase
	DQ 0x0+fimg
;/ $10		L,	\ SectionAlignment
	DB 0x10,0x0,0x0,0x0
;/ $10		L,	\ bd FileAlignment
	DB 0x10,0x0,0x0,0x0
;/ 6		W,	\ MajorOperatingSystemVersion
	DB 0x6,0x0
;/ 0		W,	\ MinorOperatingSystemVersion
	DB 0x0,0x0
;/ 0		W,	\ MajorImageVersion
	DB 0x0,0x0
;/ 0		W,	\ MinorImageVersion
	DB 0x0,0x0
;/ 6		W,	\ MajorSubsystemVersion
	DB 0x6,0x0
;/ 0		W,	\ MinorSubsystemVersion
	DB 0x0,0x0
;/ 0		L,	\ Reserved1
	DB 0x0,0x0,0x0,0x0
;/ HERE TO SizeOfImage
;/ file_size	L,	\ 90 SizeOfImage
	DB 0x30,0x5,0x0,0x0
;/ here to &hdr_size
;/ 0		L,	\ SizeOfHeaders
	DB 0x70,0x1,0x0,0x0
;/ 0		L,  	\ CheckSum
	DB 0x0,0x0,0x0,0x0
;/ 3		W,	\ Subsystem (Windows cons)
	DB 0x3,0x0
;/ 0		W,	\ DllCharacteristics
	DB 0x0,0x0
;/ $100000	,	\ SizeOfStackReserve
	DQ 0x100000
;/ $1000		,	\ SizeOfStackCommit
	DQ 0x1000
;/ $100000	,	\ SizeOfHeapReserve
	DQ 0x100000
;/ 0		, 		\ SizeOfHeapCommit
	DQ 0x0
;/ 0		L,	\ LoaderFlags
	DB 0x0,0x0,0x0,0x0
;/ $10		L,	\ NumberOfRvaAndSizes
	DB 0x10,0x0,0x0,0x0
;/
;/\ Optional Header, Data Directories
;/ 0		L,	\ Export, RVA
	DB 0x0,0x0,0x0,0x0
;/ 0		L,	\ Export, Size
	DB 0x0,0x0,0x0,0x0
;/ HERE TO &itbl
;/ itbl		L,	\ d0 Import, RVA
	DB 0xAD,0x3,0x0,0x0
;/ HERE TO &itbl_size
;/ itbl_size	L,	\ Import, Size
	DB 0x3C,0x0,0x0,0x0
;/ 0		L,	\ Resource, RVA
	DB 0x0,0x0,0x0,0x0
;/ 0		L,	\ Resource, Size
	DB 0x0,0x0,0x0,0x0
;/ 0		L,	\ Exception, RVA
	DB 0x0,0x0,0x0,0x0
;/ 0		L,	\ Exception, Size
	DB 0x0,0x0,0x0,0x0
;/ 0		L,	\ Certificate, RVA
	DB 0x0,0x0,0x0,0x0
;/ 0		L,	\ Certificate, Size
	DB 0x0,0x0,0x0,0x0
;/ 0		L,	\ Base Relocation, RVA
	DB 0x0,0x0,0x0,0x0
;/ 0		L,	\ Base Relocation, Size
	DB 0x0,0x0,0x0,0x0
;/ 0		L,	\ Debug, RVA
	DB 0x0,0x0,0x0,0x0
;/ 0		L,	\ Debug, Size
	DB 0x0,0x0,0x0,0x0
;/ 0		L,	\ Architecture, RVA
	DB 0x0,0x0,0x0,0x0
;/ 0		L,	\ Architecture, Size
	DB 0x0,0x0,0x0,0x0
;/ 0		L,	\ Global Ptr, RVA
	DB 0x0,0x0,0x0,0x0
;/ 0		L,	\ Global Ptr, Size
	DB 0x0,0x0,0x0,0x0
;/ 0		L,	\ TLS, RVA
	DB 0x0,0x0,0x0,0x0
;/ 0		L,	\ TLS, Size
	DB 0x0,0x0,0x0,0x0
;/ 0		L,	\ Load Config, RVA
	DB 0x0,0x0,0x0,0x0
;/ 0		L,	\ Load Config, Size
	DB 0x0,0x0,0x0,0x0
;/ 0		L,	\ Bound Import, RVA
	DB 0x0,0x0,0x0,0x0
;/ 0		L,	\ Bound Import, Size
	DB 0x0,0x0,0x0,0x0
;/ 0		L,	\ IAT, RVA
	DB 0x0,0x0,0x0,0x0
;/ 0		L,	\ IAT, Size
	DB 0x0,0x0,0x0,0x0
;/ 0		L,	\ Delay Import Descriptor, RVA
	DB 0x0,0x0,0x0,0x0
;/ 0		L,	\ Delay Import Descriptor, Size
	DB 0x0,0x0,0x0,0x0
;/ 0		L,	\ CLR Runtime Header, RVA
	DB 0x0,0x0,0x0,0x0
;/ 0		L,	\ CLR Runtime Header, Size
	DB 0x0,0x0,0x0,0x0
;/ 0		L,	\ Reserved, RVA
	DB 0x0,0x0,0x0,0x0
;/ 0		L,	\ Reserved, Size
	DB 0x0,0x0,0x0,0x0
;/
;/ here  opt_hdr -  &opt_hdr_size W!
;/    S" .flat" HERE SWAP DUP 1+ 3 + 3 ANDC ALLOT MOVE
	DQ 0x74616C662E
;/ HERE TO &FLATSIZE
;/ flat_sect_size L,	\ VirtualSize
	DB 0xFF,0xFF,0xFF,0xFF
;/ 0		L,	\ VirtualAddress
	DB 0x0,0x0,0x0,0x0
;/ flat_code_size	L,	\ SizeOfRawData
	DB 0x0,0x0,0x20,0x0
;/ 0		L,	\ PointerToRawData
	DB 0x0,0x0,0x0,0x0
;/ 0	L,	\ PointerToRelocations
	DB 0x0,0x0,0x0,0x0
;/ 0	L,	\ PointerToLinenumbers
	DB 0x0,0x0,0x0,0x0
;/ 0	W,	\ NumberOfRelocations
	DB 0x0,0x0
;/ 0	W,	\ NumberOfLinenumbers
	DB 0x0,0x0
;/ $E0000060 L,	\ Characteristics
	DB 0x60,0x0,0x0,0xE0
;/
;/ HERE TIMAGE-BASE -  &hdr_size L!
