;/
;/1 VALUE R/O ( -- fam ) \ 94 FILE

RrslO:
	call	0x400AF4  { DOVALUE } 	\ 40D7EC E8 3 33 FF FF 

	DQ 0x1
;/
;/2 VALUE W/O ( -- fam ) \ 94 FILE

WrslO:
	call	0x400AF4  { DOVALUE } 	\ 40D7F9 E8 F6 32 FF FF 

	DQ 0x2
;/
;/3 VALUE R/W ( -- fam ) \ 94 FILE

RrslW:
	call	0x400AF4  { DOVALUE } 	\ 40D806 E8 E9 32 FF FF 

	DQ 0x3
;/
;/: CFNAME-SET  ( adr len -- )
;/ DUP 1+ >R  CURFILENAME CURFILENAME R@ + CFNAME_SIZE R> - CMOVE>

CFNAMEsubSET:
/*	mov	%rax,-0x08(%rbp)	\ 40D813 	*/.byte 0x48,0x89,0x45,0xF8
/*	lea	0x01(%rax),%rax	\ 40D817 	*/.byte 0x48,0x8D,0x40,0x1
	Push	%rax	\ 40D81B 50 
/*	lea	0x40B828  { [+17  } (%rip),%rax	\ 40D81C 	*/.byte 0x48,0x8D,0x5,0x5,0xE0,0xFF,0xFF
/*	mov	%rax,-0x10(%rbp)	\ 40D823 	*/.byte 0x48,0x89,0x45,0xF0
/*	lea	0x40B828  { [+17  } (%rip),%rax	\ 40D827 	*/.byte 0x48,0x8D,0x5,0xFA,0xDF,0xFF,0xFF
/*	add	(%rsp),%rax	\ 40D82E 	*/.byte 0x48,0x3,0x4,0x24
/*	mov	%rax,-0x18(%rbp)	\ 40D832 	*/.byte 0x48,0x89,0x45,0xE8
/*	movq	$0x1BC,-0x20(%rbp)	\ 40D836 	*/.byte 0x48,0xC7,0x45,0xE0,0xBC,0x1,0x0,0x0
	pop	%rax	\ 40D83E 58 
/*		negq	%rax	\ 40D83F 	*/.byte 0x48,0xF7,0xD8
/*	add	-0x20(%rbp),%rax	\ 40D842 	*/.byte 0x48,0x3,0x45,0xE0
/*	lea	-0x18(%rbp),%rbp	\ 40D846 	*/.byte 0x48,0x8D,0x6D,0xE8
	call	0x400993  { CMOVE> } 	\ 40D84A E8 44 31 FF FF 
;/CURFILENAME $! ;
/*	mov	%rax,-0x08(%rbp)	\ 40D84F 	*/.byte 0x48,0x89,0x45,0xF8
/*	lea	0x40B828  { [+17  } (%rip),%rax	\ 40D853 	*/.byte 0x48,0x8D,0x5,0xCE,0xDF,0xFF,0xFF
/*	lea	-0x08(%rbp),%rbp	\ 40D85A 	*/.byte 0x48,0x8D,0x6D,0xF8
	call	0x401B38  { $! } 	\ 40D85E E8 D5 42 FF FF 
	ret		\ 40D863 C3 
;/
;/: CFNAME-FREE  ( -- )
;/ CURFILENAME COUNT + CURFILENAME


CFNAMEsubFREE:
/*	mov	%rax,-0x08(%rbp)	\ 40D864 	*/.byte 0x48,0x89,0x45,0xF8
/*	lea	0x40B828  { [+17  } (%rip),%rax	\ 40D868 	*/.byte 0x48,0x8D,0x5,0xB9,0xDF,0xFF,0xFF
/*	movzbq	(%rax),%rdx	\ 40D86F 	*/.byte 0x48,0xF,0xB6,0x10
/*	lea	0x01(%rdx,%rax,1),%rax	\ 40D873 	*/.byte 0x48,0x8D,0x44,0x2,0x1
/*	mov	%rax,-0x10(%rbp)	\ 40D878 	*/.byte 0x48,0x89,0x45,0xF0
/*	lea	0x40B828  { [+17  } (%rip),%rax	\ 40D87C 	*/.byte 0x48,0x8D,0x5,0xA5,0xDF,0xFF,0xFF
/*	mov	%rax,-0x18(%rbp)	\ 40D883 	*/.byte 0x48,0x89,0x45,0xE8
;/ CFNAME_SIZE CURFILENAME C@ - 255 +  CMOVE ;
/*	movq	$0x1BC,-0x20(%rbp)	\ 40D887 	*/.byte 0x48,0xC7,0x45,0xE0,0xBC,0x1,0x0,0x0
/*	lea	0x40B828  { [+17  } (%rip),%rax	\ 40D88F 	*/.byte 0x48,0x8D,0x5,0x92,0xDF,0xFF,0xFF
/*	movzb	(%rax),%eax	\ 40D896 	*/.byte 0xF,0xB6,0x0
/*		negq	%rax	\ 40D899 	*/.byte 0x48,0xF7,0xD8
/*	add	-0x20(%rbp),%rax	\ 40D89C 	*/.byte 0x48,0x3,0x45,0xE0
/*	lea	0xFF(%rax),%rax	\ 40D8A0 	*/.byte 0x48,0x8D,0x80,0xFF,0x0,0x0,0x0
/*	lea	-0x18(%rbp),%rbp	\ 40D8A7 	*/.byte 0x48,0x8D,0x6D,0xE8
	call	0x4009EE  { CMOVE } 	\ 40D8AB E8 3E 31 FF FF 
	ret		\ 40D8B0 C3 
;/
;/: INCLUDE-FILE ( i*x fileid -- j*x ) \ 94 FILE
;/	>IN  @ >R


INCLUDEsubFILE:
/*	mov	%rax,-0x08(%rbp)	\ 40D8B1 	*/.byte 0x48,0x89,0x45,0xF8
/*	push	0x401310  { SLEEP+243  } (%rip)	\ 40D8B5 	*/.byte 0xFF,0x35,0x55,0x3A,0xFF,0xFF
;/	CURSTR @ >R CURSTR 0!
/*	push	0x40B508  { OK.+13  } (%rip)	\ 40D8BB 	*/.byte 0xFF,0x35,0x47,0xDC,0xFF,0xFF
/*	movq	$0x0,0x40B508  { OK.+13  } (%rip)	\ 40D8C1 	*/.byte 0x48,0xC7,0x5,0x3C,0xDC,0xFF,0xFF,0x0,0x0,0x0,0x0
/*	push	0x40A7FA  { SOURCE-ID+5  } (%rip)	\ 40D8CC 	*/.byte 0xFF,0x35,0x28,0xCF,0xFF,0xFF
;/	SOURCE-ID >R  TO SOURCE-ID
/*	lea	0x40A7FA  { SOURCE-ID+5  } (%rip),%rax	\ 40D8D2 	*/.byte 0x48,0x8D,0x5,0x21,0xCF,0xFF,0xFF
/*	mov	-0x08(%rbp),%rdx	\ 40D8D9 	*/.byte 0x48,0x8B,0x55,0xF8
/*	mov	%rdx,(%rax)	\ 40D8DD 	*/.byte 0x48,0x89,0x10
/*	push	0x40A807  { TIB+5  } (%rip)	\ 40D8E0 	*/.byte 0xFF,0x35,0x21,0xCF,0xFF,0xFF
/*	lea	0x401110  { SLEEP+43  } (%rip),%rax	\ 40D8E6 	*/.byte 0x48,0x8D,0x5,0x23,0x38,0xFF,0xFF
;/	TIB >R ATIB TO TIB
/*	mov	%rax,0x40A807  { TIB+5  } (%rip)	\ 40D8ED 	*/.byte 0x48,0x89,0x5,0x13,0xCF,0xFF,0xFF
/*	mov	0x00(%rbp),%rax	\ 40D8F4 	*/.byte 0x48,0x8B,0x45,0x0
/*	lea	0x08(%rbp),%rbp	\ 40D8F8 	*/.byte 0x48,0x8D,0x6D,0x8
;/	SOURCE
	call	0x40A89D  { SOURCE } 	\ 40D8FC E8 9C CF FF FF 
;/	RP@ OVER QALIGNED - RP!
	call	0x4003EE  { RP@ } 	\ 40D901 E8 E8 2A FF FF 
/*	mov	%rax,-0x08(%rbp)	\ 40D906 	*/.byte 0x48,0x89,0x45,0xF8
/*	mov	0x00(%rbp),%rax	\ 40D90A 	*/.byte 0x48,0x8B,0x45,0x0
/*	lea	-0x08(%rbp),%rbp	\ 40D90E 	*/.byte 0x48,0x8D,0x6D,0xF8
	call	0x40182D  { QALIGNED } 	\ 40D912 E8 16 3F FF FF 
/*		negq	%rax	\ 40D917 	*/.byte 0x48,0xF7,0xD8
/*	add	0x00(%rbp),%rax	\ 40D91A 	*/.byte 0x48,0x3,0x45,0x0
/*	lea	0x08(%rbp),%rbp	\ 40D91E 	*/.byte 0x48,0x8D,0x6D,0x8
	call	0x400405  { RP! } 	\ 40D922 E8 DE 2A FF FF 
;/	RP@ SWAP CMOVE
	call	0x4003EE  { RP@ } 	\ 40D927 E8 C2 2A FF FF 
/*	mov	0x00(%rbp),%rdx	\ 40D92C 	*/.byte 0x48,0x8B,0x55,0x0
/*	mov	%rax,0x00(%rbp)	\ 40D930 	*/.byte 0x48,0x89,0x45,0x0
/*	mov	%rdx,%rax	\ 40D934 	*/.byte 0x48,0x89,0xD0
	call	0x4009EE  { CMOVE } 	\ 40D937 E8 B2 30 FF FF 
;/	SOURCE 2>R 
	call	0x40A89D  { SOURCE } 	\ 40D93C E8 5C CF FF FF 
	call	0x400456  { 2>R } 	\ 40D941 E8 10 2B FF FF 
;/	['] FQUIT CATCH
/*	mov	%rax,-0x08(%rbp)	\ 40D946 	*/.byte 0x48,0x89,0x45,0xF8
/*	lea	0x40B7BE  { FQUIT } (%rip),%rax	\ 40D94A 	*/.byte 0x48,0x8D,0x5,0x6D,0xDE,0xFF,0xFF
/*	lea	-0x08(%rbp),%rbp	\ 40D951 	*/.byte 0x48,0x8D,0x6D,0xF8
	call	0x401ED7  { CATCH } 	\ 40D955 E8 7D 45 FF FF 
;/	SAVEERR	
	call	0x40BDAE  { SAVEERR } 	\ 40D95A E8 4F E4 FF FF 
;/	DUP  IF cr ." in <" CURFILENAME COUNT TYPE ." >:" CURSTR @ . THEN
/*	mov	%rax,-0x08(%rbp)	\ 40D95F 	*/.byte 0x48,0x89,0x45,0xF8
	test	%rax,%rax	\ 40D963 48 85 C0 
/*	mov	-0x08(%rbp),%rax	\ 40D966 	*/.byte 0x48,0x8B,0x45,0xF8
/*	jz	0x40D9C5  { INCLUDE-FILE+114  } 	\ 40D96A 	*/.byte 0xF,0x84,0x55,0x0,0x0,0x0
	call	0x4017B0  { CR } 	\ 40D970 E8 3B 3E FF FF 
	call	0x4018C1  { (S") } 	\ 40D975 E8 47 3F FF FF 
	.byte 0x4,0x69,0x6E,0x20,0x3C,0xE8
clI	\ 40D980 FA 
/*	cmp	$-0x76B70001,%eax	\ 40D981 	*/.byte 0x3D,0xFF,0xFF,0x48,0x89
clC	\ 40D986 45 F8 
/*	lea	0x40B828  { [+17  } (%rip),%rax	\ 40D988 	*/.byte 0x48,0x8D,0x5,0x99,0xDE,0xFF,0xFF
/*	lea	0x01(%rax),%rdx	\ 40D98F 	*/.byte 0x48,0x8D,0x50,0x1
/*	movzbq	(%rax),%rax	\ 40D993 	*/.byte 0x48,0xF,0xB6,0x0
/*	mov	%rdx,-0x10(%rbp)	\ 40D997 	*/.byte 0x48,0x89,0x55,0xF0
/*	lea	-0x10(%rbp),%rbp	\ 40D99B 	*/.byte 0x48,0x8D,0x6D,0xF0
	call	0x40177E  { TYPE } 	\ 40D99F E8 DA 3D FF FF 
	call	0x4018C1  { (S") } 	\ 40D9A4 E8 18 3F FF FF 
	.byte 0x2,0x3E,0x3A,0xE8,0xCD,0x3D,0xFF
/*	dec	-0x77(%rax)	\ 40D9B0 	*/.byte 0xFF,0x48,0x89
clC	\ 40D9B3 45 F8 
/*	mov	0x40B508  { OK.+13  } (%rip),%rax	\ 40D9B5 	*/.byte 0x48,0x8B,0x5,0x4C,0xDB,0xFF,0xFF
/*	lea	-0x08(%rbp),%rbp	\ 40D9BC 	*/.byte 0x48,0x8D,0x6D,0xF8
	call	0x409455  { . } 	\ 40D9C0 E8 90 BA FF FF 
;/	2R> SOURCE!
	call	0x40041E  { 2R> } 	\ 40D9C5 E8 54 2A FF FF 
	call	0x40A849  { SOURCE! } 	\ 40D9CA E8 7A CE FF FF 
;/	RP@ SOURCE CMOVE
	call	0x4003EE  { RP@ } 	\ 40D9CF E8 1A 2A FF FF 
	call	0x40A89D  { SOURCE } 	\ 40D9D4 E8 C4 CE FF FF 
	call	0x4009EE  { CMOVE } 	\ 40D9D9 E8 10 30 FF FF 
;/	RP@ SOURCE NIP QALIGNED + RP!
	call	0x4003EE  { RP@ } 	\ 40D9DE E8 B 2A FF FF 
	call	0x40A89D  { SOURCE } 	\ 40D9E3 E8 B5 CE FF FF 
/*	lea	0x08(%rbp),%rbp	\ 40D9E8 	*/.byte 0x48,0x8D,0x6D,0x8
	call	0x40182D  { QALIGNED } 	\ 40D9EC E8 3C 3E FF FF 
/*	add	0x00(%rbp),%rax	\ 40D9F1 	*/.byte 0x48,0x3,0x45,0x0
/*	lea	0x08(%rbp),%rbp	\ 40D9F5 	*/.byte 0x48,0x8D,0x6D,0x8
	call	0x400405  { RP! } 	\ 40D9F9 E8 7 2A FF FF 
;/	R> TO TIB
/*	mov	%rax,-0x08(%rbp)	\ 40D9FE 	*/.byte 0x48,0x89,0x45,0xF8
	pop	-0x10(%rbp)	\ 40DA02 8F 45 F0 
/*	lea	0x40A807  { TIB+5  } (%rip),%rax	\ 40DA05 	*/.byte 0x48,0x8D,0x5,0xFB,0xCD,0xFF,0xFF
/*	mov	-0x10(%rbp),%rdx	\ 40DA0C 	*/.byte 0x48,0x8B,0x55,0xF0
/*	mov	%rdx,(%rax)	\ 40DA10 	*/.byte 0x48,0x89,0x10
	pop	-0x10(%rbp)	\ 40DA13 8F 45 F0 
/*	lea	0x40A7FA  { SOURCE-ID+5  } (%rip),%rax	\ 40DA16 	*/.byte 0x48,0x8D,0x5,0xDD,0xCD,0xFF,0xFF
;/	R> TO SOURCE-ID
/*	mov	-0x10(%rbp),%rdx	\ 40DA1D 	*/.byte 0x48,0x8B,0x55,0xF0
/*	mov	%rdx,(%rax)	\ 40DA21 	*/.byte 0x48,0x89,0x10
	pop	-0x10(%rbp)	\ 40DA24 8F 45 F0 
/*	lea	0x40B508  { OK.+13  } (%rip),%rax	\ 40DA27 	*/.byte 0x48,0x8D,0x5,0xDA,0xDA,0xFF,0xFF
;/	R> CURSTR !
/*	mov	-0x10(%rbp),%rdx	\ 40DA2E 	*/.byte 0x48,0x8B,0x55,0xF0
/*	mov	%rdx,(%rax)	\ 40DA32 	*/.byte 0x48,0x89,0x10
	pop	-0x10(%rbp)	\ 40DA35 8F 45 F0 
/*	lea	0x401310  { SLEEP+243  } (%rip),%rax	\ 40DA38 	*/.byte 0x48,0x8D,0x5,0xD1,0x38,0xFF,0xFF
;/	R> >IN ! THROW  
/*	mov	-0x10(%rbp),%rdx	\ 40DA3F 	*/.byte 0x48,0x8B,0x55,0xF0
/*	mov	%rdx,(%rax)	\ 40DA43 	*/.byte 0x48,0x89,0x10
/*	mov	-0x08(%rbp),%rax	\ 40DA46 	*/.byte 0x48,0x8B,0x45,0xF8
	call	0x401F30  { THROW } 	\ 40DA4A E8 E1 44 FF FF 
;/;
	ret		\ 40DA4F C3 
;/
;/T: VIEW_{
;/?YDP><DP


VIEW_lsk:
	call	0x40CA60  { ?YDP><DP } 	\ 40DA50 E8 B F0 FF FF 
;/   HERE VIEW_LINK , TO VIEW_LINK  0 ,
/*	mov	%rax,-0x08(%rbp)	\ 40DA55 	*/.byte 0x48,0x89,0x45,0xF8
/*	mov	0x401650  { ORIGVIEWLINK+3A  } (%rip),%rax	\ 40DA59 	*/.byte 0x48,0x8B,0x5,0xF0,0x3B,0xFF,0xFF
/*	mov	%rax,0x402375  { :-SET+5  } (%rip)	\ 40DA60 	*/.byte 0x48,0x89,0x5,0xE,0x49,0xFF,0xFF
/*	mov	%rax,-0x10(%rbp)	\ 40DA67 	*/.byte 0x48,0x89,0x45,0xF0
/*	mov	0x40CAAD  { VIEW_LINK+5  } (%rip),%rax	\ 40DA6B 	*/.byte 0x48,0x8B,0x5,0x3B,0xF0,0xFF,0xFF
/*	lea	-0x10(%rbp),%rbp	\ 40DA72 	*/.byte 0x48,0x8D,0x6D,0xF0
	call	0x401690  { , } 	\ 40DA76 E8 15 3C FF FF 
/*	mov	%rax,0x40CAAD  { VIEW_LINK+5  } (%rip)	\ 40DA7B 	*/.byte 0x48,0x89,0x5,0x2B,0xF0,0xFF,0xFF
/*	mov	$0x0,%eax	\ 40DA82 	*/.byte 0xB8,0x0,0x0,0x0,0x0
	call	0x401690  { , } 	\ 40DA87 E8 4 3C FF FF 
;/?YDP><DP
	call	0x40CA60  { ?YDP><DP } 	\ 40DA8C E8 CF EF FF FF 
;/;
	ret		\ 40DA91 C3 
;/
;/T: }VIEW
;/?YDP><DP


rskVIEW:
	call	0x40CA60  { ?YDP><DP } 	\ 40DA92 E8 C9 EF FF FF 
;/   HERE  VIEW_LINK , TO VIEW_LINK -1 ,
/*	mov	%rax,-0x08(%rbp)	\ 40DA97 	*/.byte 0x48,0x89,0x45,0xF8
/*	mov	0x401650  { ORIGVIEWLINK+3A  } (%rip),%rax	\ 40DA9B 	*/.byte 0x48,0x8B,0x5,0xAE,0x3B,0xFF,0xFF
/*	mov	%rax,0x402375  { :-SET+5  } (%rip)	\ 40DAA2 	*/.byte 0x48,0x89,0x5,0xCC,0x48,0xFF,0xFF
/*	mov	%rax,-0x10(%rbp)	\ 40DAA9 	*/.byte 0x48,0x89,0x45,0xF0
/*	mov	0x40CAAD  { VIEW_LINK+5  } (%rip),%rax	\ 40DAAD 	*/.byte 0x48,0x8B,0x5,0xF9,0xEF,0xFF,0xFF
/*	lea	-0x10(%rbp),%rbp	\ 40DAB4 	*/.byte 0x48,0x8D,0x6D,0xF0
	call	0x401690  { , } 	\ 40DAB8 E8 D3 3B FF FF 
/*	mov	%rax,0x40CAAD  { VIEW_LINK+5  } (%rip)	\ 40DABD 	*/.byte 0x48,0x89,0x5,0xE9,0xEF,0xFF,0xFF
/*	movq	$-0x1,%rax	\ 40DAC4 	*/.byte 0x48,0xC7,0xC0,0xFF,0xFF,0xFF,0xFF
	call	0x401690  { , } 	\ 40DACB E8 C0 3B FF FF 
;/   CURFILENAME COUNT S",
/*	mov	%rax,-0x08(%rbp)	\ 40DAD0 	*/.byte 0x48,0x89,0x45,0xF8
/*	lea	0x40B828  { [+17  } (%rip),%rax	\ 40DAD4 	*/.byte 0x48,0x8D,0x5,0x4D,0xDD,0xFF,0xFF
/*	lea	0x01(%rax),%rdx	\ 40DADB 	*/.byte 0x48,0x8D,0x50,0x1
/*	movzbq	(%rax),%rax	\ 40DADF 	*/.byte 0x48,0xF,0xB6,0x0
/*	mov	%rdx,-0x10(%rbp)	\ 40DAE3 	*/.byte 0x48,0x89,0x55,0xF0
/*	lea	-0x10(%rbp),%rbp	\ 40DAE7 	*/.byte 0x48,0x8D,0x6D,0xF0
	call	0x40C057  { S", } 	\ 40DAEB E8 67 E5 FF FF 
;/?YDP><DP
	call	0x40CA60  { ?YDP><DP } 	\ 40DAF0 E8 6B EF FF FF 
;/;
	ret		\ 40DAF5 C3 
;/
;/T: INCLUDED  ( c-addr u ---- )
;/\ Open the file with name c-addr u and interpret all lines contained in it.
;/\	CR RP@ 6 >> $F AND SPACES ." TO   <" 2DUP TYPE ." >"
;/	2DUP	R/O  OPEN-FILE THROW >R


INCLUDED:
/*	mov	0x00(%rbp),%rdx	\ 40DAF6 	*/.byte 0x48,0x8B,0x55,0x0
/*	mov	%rax,-0x08(%rbp)	\ 40DAFA 	*/.byte 0x48,0x89,0x45,0xF8
/*	mov	%rdx,-0x10(%rbp)	\ 40DAFE 	*/.byte 0x48,0x89,0x55,0xF0
/*	mov	%rax,-0x18(%rbp)	\ 40DB02 	*/.byte 0x48,0x89,0x45,0xE8
/*	mov	0x40D7F1  { R/O+5  } (%rip),%rax	\ 40DB06 	*/.byte 0x48,0x8B,0x5,0xE4,0xFC,0xFF,0xFF
/*	lea	-0x18(%rbp),%rbp	\ 40DB0D 	*/.byte 0x48,0x8D,0x6D,0xE8
	call	0x40B17D  { OPEN-FILE } 	\ 40DB11 E8 67 D6 FF FF 
	call	0x401F30  { THROW } 	\ 40DB16 E8 15 44 FF FF 
	Push	%rax	\ 40DB1B 50 
/*	mov	0x00(%rbp),%rax	\ 40DB1C 	*/.byte 0x48,0x8B,0x45,0x0
/*	lea	0x08(%rbp),%rbp	\ 40DB20 	*/.byte 0x48,0x8D,0x6D,0x8
;/	CFNAME-SET
	call	0x40D813  { CFNAME-SET } 	\ 40DB24 E8 EA FC FF FF 
;/        VIEW_{
	call	0x40DA50  { VIEW_{ } 	\ 40DB29 E8 22 FF FF FF 
;/	R@
/*	mov	%rax,-0x08(%rbp)	\ 40DB2E 	*/.byte 0x48,0x89,0x45,0xF8
/*	mov	(%rsp),%rax	\ 40DB32 	*/.byte 0x48,0x8B,0x4,0x24
/*	mov	%rax,-0x10(%rbp)	\ 40DB36 	*/.byte 0x48,0x89,0x45,0xF0
;/	 ['] INCLUDE-FILE
/*	lea	0x40D8B1  { INCLUDE-FILE } (%rip),%rax	\ 40DB3A 	*/.byte 0x48,0x8D,0x5,0x70,0xFD,0xFF,0xFF
/*	lea	-0x10(%rbp),%rbp	\ 40DB41 	*/.byte 0x48,0x8D,0x6D,0xF0
;/	CATCH
	call	0x401ED7  { CATCH } 	\ 40DB45 E8 8D 43 FF FF 
;/	}VIEW
	call	0x40DA92  { }VIEW } 	\ 40DB4A E8 43 FF FF FF 
;/	CFNAME-FREE
	call	0x40D864  { CFNAME-FREE } 	\ 40DB4F E8 10 FD FF FF 
;/	R> CLOSE-FILE DROP
/*	mov	%rax,-0x08(%rbp)	\ 40DB54 	*/.byte 0x48,0x89,0x45,0xF8
	pop	%rax	\ 40DB58 58 
/*	lea	-0x08(%rbp),%rbp	\ 40DB59 	*/.byte 0x48,0x8D,0x6D,0xF8
	call	0x400E04  { CLOSE-FILE } 	\ 40DB5D E8 A2 32 FF FF 
/*	mov	0x00(%rbp),%rax	\ 40DB62 	*/.byte 0x48,0x8B,0x45,0x0
/*	lea	0x08(%rbp),%rbp	\ 40DB66 	*/.byte 0x48,0x8D,0x6D,0x8
;/	THROW
	call	0x401F30  { THROW } 	\ 40DB6A E8 C1 43 FF FF 
;/;
	ret		\ 40DB6F C3 
;/
;/: FLOAD  PARSE-NAME INCLUDED ;


FLOAD:
	call	0x40AADD  { PARSE-NAME } 	\ 40DB70 E8 68 CF FF FF 
	call	0x40DAF6  { INCLUDED } 	\ 40DB75 E8 7C FF FF FF 
	ret		\ 40DB7A C3 
;/
;/: REQUIRED ( waddr wu laddr lu -- )
;/  2SWAP SFIND


REQUIRED:
/*	mov	0x00(%rbp),%rcx	\ 40DB7B 	*/.byte 0x48,0x8B,0x4D,0x0
/*	mov	0x08(%rbp),%rdx	\ 40DB7F 	*/.byte 0x48,0x8B,0x55,0x8
/*	mov	0x10(%rbp),%rbx	\ 40DB83 	*/.byte 0x48,0x8B,0x5D,0x10
/*	mov	%rcx,0x10(%rbp)	\ 40DB87 	*/.byte 0x48,0x89,0x4D,0x10
/*	mov	%rax,0x08(%rbp)	\ 40DB8B 	*/.byte 0x48,0x89,0x45,0x8
/*	mov	%rbx,0x00(%rbp)	\ 40DB8F 	*/.byte 0x48,0x89,0x5D,0x0
/*	mov	%rdx,%rax	\ 40DB93 	*/.byte 0x48,0x89,0xD0
	call	0x40ACAF  { SFIND } 	\ 40DB96 E8 14 D1 FF FF 
;/  IF DROP 2DROP EXIT
	test	%rax,%rax	\ 40DB9B 48 85 C0 
/*	mov	0x00(%rbp),%rax	\ 40DB9E 	*/.byte 0x48,0x8B,0x45,0x0
/*	lea	0x08(%rbp),%rbp	\ 40DBA2 	*/.byte 0x48,0x8D,0x6D,0x8
/*	jz	0x40DBBA  { REQUIRED+3F  } 	\ 40DBA6 	*/.byte 0xF,0x84,0xE,0x0,0x0,0x0
/*	mov	0x10(%rbp),%rax	\ 40DBAC 	*/.byte 0x48,0x8B,0x45,0x10
/*	lea	0x18(%rbp),%rbp	\ 40DBB0 	*/.byte 0x48,0x8D,0x6D,0x18
	ret		\ 40DBB4 C3 
;/  ELSE 2DROP INCLUDED EXIT THEN
/*	jmp	0x40DBC8  { REQUIRED+4D  } 	\ 40DBB5 	*/.byte 0xE9,0xE,0x0,0x0,0x0
/*	mov	0x08(%rbp),%rax	\ 40DBBA 	*/.byte 0x48,0x8B,0x45,0x8
/*	lea	0x10(%rbp),%rbp	\ 40DBBE 	*/.byte 0x48,0x8D,0x6D,0x10
	call	0x40DAF6  { INCLUDED } 	\ 40DBC2 E8 2F FF FF FF 
	ret		\ 40DBC7 C3 
;/;
	ret		\ 40DBC8 C3 
;/
;/: REQUIRE ( "word" "libpath" -- )
;/  PARSE-NAME PARSE-NAME 2DUP + 0 SWAP C!


REQUIRE:
	call	0x40AADD  { PARSE-NAME } 	\ 40DBC9 E8 F CF FF FF 
	call	0x40AADD  { PARSE-NAME } 	\ 40DBCE E8 A CF FF FF 
/*	mov	0x00(%rbp),%rdx	\ 40DBD3 	*/.byte 0x48,0x8B,0x55,0x0
/*	mov	%rax,-0x08(%rbp)	\ 40DBD7 	*/.byte 0x48,0x89,0x45,0xF8
/*	add	%rdx,%rax	\ 40DBDB 	*/.byte 0x48,0x1,0xD0
/*	movq	$0x0,-0x10(%rbp)	\ 40DBDE 	*/.byte 0x48,0xC7,0x45,0xF0,0x0,0x0,0x0,0x0
/*	mov	-0x10(%rbp),%dl	\ 40DBE6 	*/.byte 0x8A,0x55,0xF0
/*	mov	%dl,(%rax)	\ 40DBE9 	*/.byte 0x88,0x10
/*	mov	-0x08(%rbp),%rax	\ 40DBEB 	*/.byte 0x48,0x8B,0x45,0xF8
;/  REQUIRED
	call	0x40DB7B  { REQUIRED } 	\ 40DBEF E8 87 FF FF FF 
;/;
	ret		\ 40DBF4 C3 
;/
;/
